// Jest Snapshot v1, https://goo.gl/fbAQLP

exports[`Todo component matches snapshot 1`] = `
<div>
  <div
    class="Todo"
  >
    <div>
      <b>
        todo
      </b>
       
      <small>
        1
      </small>
    </div>
    <div>
      <small>
        desc
      </small>
    </div>
  </div>
</div>
`;
